// Jest Snapshot v1, https://goo.gl/fbAQLP

exports[`matches snapshot 1`] = `
<DocumentFragment>
  <div
    class="space-y-2"
  >
    <label
      class="text-sm font-medium leading-none peer-disabled:cursor-not-allowed peer-disabled:opacity-70"
    >
      Template JSON
    </label>
    <textarea
      class="flex min-h-[60px] w-full rounded-md border border-input bg-transparent px-3 py-2 shadow-sm placeholder:text-muted-foreground focus-visible:outline-none focus-visible:ring-1 focus-visible:ring-ring disabled:cursor-not-allowed disabled:opacity-50 md:text-sm font-mono text-xs h-[300px]"
    >
      {"pages":[]}
    </textarea>
  </div>
</DocumentFragment>
`;
